Building DAG of jobs...
Using shell: /bin/bash
Provided cores: 16
Rules claiming more threads will be scaled down.
Job stats:
job             count
------------  -------
all                 1
run_miRDeep2        1
total               2

Select jobs to execute...
Execute 1 jobs...

[Sat Apr 12 13:01:04 2025]
localrule run_miRDeep2:
    input: results/mirdeep2/miRNA_S10467Nr27.1_mapped.fa, results/mirdeep2/miRNA_S10467Nr27.1_mapped_vs_hsa.arf, ref/mirdeep2/hsa2.fa, ref/mirdeep2/miRBase_mature_hsa_v22_3.fa, ref/mirdeep2/miRBase_hairpin_hsa_v22_3.fa
    output: results/mirdeep2/result_miRNA_S10467Nr27.1.html, results/mirdeep2/result_miRNA_S10467Nr27.1.csv, results/mirdeep2/survey_miRNA_S10467Nr27.1.csv, results/mirdeep2/output_miRNA_S10467Nr27.1.mrd, results/mirdeep2/expression_miRNA_S10467Nr27.1.html, results/mirdeep2/error_miRNA_S10467Nr27.1.log, results/mirdeep2/miRNAs_expressed_all_samples_miRNA_S10467Nr27.1.csv, results/mirdeep2/result_miRNA_S10467Nr27.1.bed, results/mirdeep2/pdfs_miRNA_S10467Nr27.1, results/mirdeep2/mirna_results_miRNA_S10467Nr27.1, results/mirdeep2/miRNA_S10467Nr27.1_miRDeep2_log.txt
    jobid: 6
    reason: Missing output files: results/mirdeep2/result_miRNA_S10467Nr27.1.bed, results/mirdeep2/output_miRNA_S10467Nr27.1.mrd, results/mirdeep2/miRNAs_expressed_all_samples_miRNA_S10467Nr27.1.csv, results/mirdeep2/mirna_results_miRNA_S10467Nr27.1, results/mirdeep2/error_miRNA_S10467Nr27.1.log, results/mirdeep2/pdfs_miRNA_S10467Nr27.1, results/mirdeep2/expression_miRNA_S10467Nr27.1.html, results/mirdeep2/result_miRNA_S10467Nr27.1.html, results/mirdeep2/survey_miRNA_S10467Nr27.1.csv, results/mirdeep2/miRNA_S10467Nr27.1_miRDeep2_log.txt, results/mirdeep2/result_miRNA_S10467Nr27.1.csv
    resources: tmpdir=/tmp

RuleException in rule run_miRDeep2 in file /mnt/beegfs2/home/vikja01/miRNA_CAD_Thesis/miRNA_analysis/Snakefile02, line 139:
NameError: The name 'f' is unknown in this context. Please make sure that you defined that variable. Also note that braces not used for variable access have to be escaped by repeating them, i.e. {{print $1}}, when formatting the following:

  for f in {input.fa_files}; do
      bname=$(basename ${f} '_mapped.fa')
  
      # Run miRDeep2
      miRDeep2.pl ${f} {input.hsa2_fa} {config[directories][mirdeep2_map]}/${bname}_mapped_vs_hsa.arf \
          {input.mature_fa} none {input.hairpin_fa} -t {params.species} -P -v -z $bname \
          2> {params.final_outdir}/${bname}_miRDeep2_log.txt
  
      # Move and rename matching outputs using timestamp-agnostic pattern
      result_html=$(find . -maxdepth 1 -name "result_*${bname}.html" | tail -n 1)
      [ -f "$result_html" ] && mv "$result_html" {params.final_outdir}/result_${bname}.html
  
      result_csv=$(find . -maxdepth 1 -name "result_*${bname}.csv" | tail -n 1)
      [ -f "$result_csv" ] && mv "$result_csv" {params.final_outdir}/result_${bname}.csv
  
      survey_csv=$(find mirdeep_runs -name "survey.csv" | grep "${bname}" | tail -n 1)
      [ -f "$survey_csv" ] && cp "$survey_csv" {params.final_outdir}/survey_${bname}.csv
  
      output_mrd=$(find mirdeep_runs -name "output.mrd" | grep "${bname}" | tail -n 1)
      [ -f "$output_mrd" ] && cp "$output_mrd" {params.final_outdir}/output_${bname}.mrd
  
      expression_html=$(find . -maxdepth 1 -name "expression_*${bname}.html" | tail -n 1)
      [ -f "$expression_html" ] && mv "$expression_html" {params.final_outdir}/expression_${bname}.html
  
      error_log=$(find . -maxdepth 1 -name "error_*${bname}.log" | tail -n 1)
      [ -f "$error_log" ] && mv "$error_log" {params.final_outdir}/error_${bname}.log
  
      expression_csv=$(find . -maxdepth 1 -name "miRNAs_expressed_all_samples_*${bname}.csv" | tail -n 1)
      [ -f "$expression_csv" ] && mv "$expression_csv" {params.final_outdir}/miRNAs_expressed_all_samples_${bname}.csv
  
      result_bed=$(find . -maxdepth 1 -name "result_*${bname}.bed" | tail -n 1)
      [ -f "$result_bed" ] && mv "$result_bed" {params.final_outdir}/result_${bname}.bed
  
      pdf_dir=$(find . -maxdepth 1 -type d -name "pdfs_*${bname}")
      [ -d "$pdf_dir" ] && mv "$pdf_dir" {params.final_outdir}/pdfs_${bname}
  
      mirna_dir=$(find . -maxdepth 1 -type d -name "mirna_results_*${bname}")
      [ -d "$mirna_dir" ] && mv "$mirna_dir" {params.final_outdir}/mirna_results_${bname}
  done
  
