Building DAG of jobs...
Using shell: /bin/bash
Provided cores: 16
Rules claiming more threads will be scaled down.
Job stats:
job                    count
-------------------  -------
all                        1
process_miRNA_files        1
run_miRDeep2               1
total                      3

Select jobs to execute...
Execute 1 jobs...

[Fri Apr 11 16:43:50 2025]
localrule process_miRNA_files:
    input: ../data/ref/hairpin.fa, ../data/ref/mature.fa, ref/mirdeep2/hsa.fa
    output: ref/mirdeep2/miRBase_mature_hsa_v22_3.fa, ref/mirdeep2/miRBase_hairpin_hsa_v22_3.fa, ref/mirdeep2/hsa2.fa
    jobid: 5
    reason: Missing output files: ref/mirdeep2/miRBase_hairpin_hsa_v22_3.fa, ref/mirdeep2/hsa2.fa, ref/mirdeep2/miRBase_mature_hsa_v22_3.fa
    resources: tmpdir=/tmp

[Fri Apr 11 16:47:27 2025]
Finished job 5.
1 of 3 steps (33%) done
Select jobs to execute...
Execute 1 jobs...

[Fri Apr 11 16:47:27 2025]
localrule run_miRDeep2:
    input: results/mirdeep2/miRNA_S10467Nr27.1_mapped.fa, results/mirdeep2/miRNA_S10467Nr27.1_mapped_vs_hsa.arf, ref/mirdeep2/hsa2.fa, ref/mirdeep2/miRBase_mature_hsa_v22_3.fa, ref/mirdeep2/miRBase_hairpin_hsa_v22_3.fa
    output: results/mirdeep2/result_miRNA_S10467Nr27.1.html, results/mirdeep2/result_miRNA_S10467Nr27.1.csv, results/mirdeep2/survey_miRNA_S10467Nr27.1.csv, results/mirdeep2/output_miRNA_S10467Nr27.1.mrd, results/mirdeep2/expression_miRNA_S10467Nr27.1.html, results/mirdeep2/error_miRNA_S10467Nr27.1.log, results/mirdeep2/miRNAs_expressed_all_samples_miRNA_S10467Nr27.1.csv, results/mirdeep2/result_miRNA_S10467Nr27.1.bed, results/mirdeep2/pdfs_miRNA_S10467Nr27.1, results/mirdeep2/mirna_results_miRNA_S10467Nr27.1, results/mirdeep2/miRNA_S10467Nr27.1_miRDeep2_log.txt
    jobid: 6
    reason: Missing output files: results/mirdeep2/output_miRNA_S10467Nr27.1.mrd, results/mirdeep2/miRNA_S10467Nr27.1_miRDeep2_log.txt, results/mirdeep2/error_miRNA_S10467Nr27.1.log, results/mirdeep2/survey_miRNA_S10467Nr27.1.csv, results/mirdeep2/expression_miRNA_S10467Nr27.1.html, results/mirdeep2/miRNAs_expressed_all_samples_miRNA_S10467Nr27.1.csv, results/mirdeep2/mirna_results_miRNA_S10467Nr27.1, results/mirdeep2/pdfs_miRNA_S10467Nr27.1, results/mirdeep2/result_miRNA_S10467Nr27.1.html, results/mirdeep2/result_miRNA_S10467Nr27.1.csv, results/mirdeep2/result_miRNA_S10467Nr27.1.bed; Input files updated by another job: ref/mirdeep2/miRBase_hairpin_hsa_v22_3.fa, ref/mirdeep2/hsa2.fa, ref/mirdeep2/miRBase_mature_hsa_v22_3.fa
    resources: tmpdir=/tmp

Waiting at most 5 seconds for missing files.
MissingOutputException in rule run_miRDeep2 in file /mnt/beegfs2/home/vikja01/miRNA_CAD_Thesis/miRNA_analysis/Snakefile02, line 139:
Job 6  completed successfully, but some output files are missing. Missing files after 5 seconds. This might be due to filesystem latency. If that is the case, consider to increase the wait time with --latency-wait:
results/mirdeep2/result_miRNA_S10467Nr27.1.html (missing locally, parent dir contents: miRNA_S10467Nr27.1_mapped.fa, miRNA_S10467Nr27.1_mapped_vs_hsa.arf, miRNA_S10467Nr27.1_miRDeep2_log.txt)
results/mirdeep2/result_miRNA_S10467Nr27.1.csv (missing locally, parent dir contents: miRNA_S10467Nr27.1_mapped.fa, miRNA_S10467Nr27.1_mapped_vs_hsa.arf, miRNA_S10467Nr27.1_miRDeep2_log.txt)
results/mirdeep2/survey_miRNA_S10467Nr27.1.csv (missing locally, parent dir contents: miRNA_S10467Nr27.1_mapped.fa, miRNA_S10467Nr27.1_mapped_vs_hsa.arf, miRNA_S10467Nr27.1_miRDeep2_log.txt)
results/mirdeep2/output_miRNA_S10467Nr27.1.mrd (missing locally, parent dir contents: miRNA_S10467Nr27.1_mapped.fa, miRNA_S10467Nr27.1_mapped_vs_hsa.arf, miRNA_S10467Nr27.1_miRDeep2_log.txt)
results/mirdeep2/expression_miRNA_S10467Nr27.1.html (missing locally, parent dir contents: miRNA_S10467Nr27.1_mapped.fa, miRNA_S10467Nr27.1_mapped_vs_hsa.arf, miRNA_S10467Nr27.1_miRDeep2_log.txt)
results/mirdeep2/error_miRNA_S10467Nr27.1.log (missing locally, parent dir contents: miRNA_S10467Nr27.1_mapped.fa, miRNA_S10467Nr27.1_mapped_vs_hsa.arf, miRNA_S10467Nr27.1_miRDeep2_log.txt)
results/mirdeep2/miRNAs_expressed_all_samples_miRNA_S10467Nr27.1.csv (missing locally, parent dir contents: miRNA_S10467Nr27.1_mapped.fa, miRNA_S10467Nr27.1_mapped_vs_hsa.arf, miRNA_S10467Nr27.1_miRDeep2_log.txt)
results/mirdeep2/result_miRNA_S10467Nr27.1.bed (missing locally, parent dir contents: miRNA_S10467Nr27.1_mapped.fa, miRNA_S10467Nr27.1_mapped_vs_hsa.arf, miRNA_S10467Nr27.1_miRDeep2_log.txt)
results/mirdeep2/pdfs_miRNA_S10467Nr27.1 (missing locally, parent dir contents: miRNA_S10467Nr27.1_mapped.fa, miRNA_S10467Nr27.1_mapped_vs_hsa.arf, miRNA_S10467Nr27.1_miRDeep2_log.txt)
results/mirdeep2/mirna_results_miRNA_S10467Nr27.1 (missing locally, parent dir contents: miRNA_S10467Nr27.1_mapped.fa, miRNA_S10467Nr27.1_mapped_vs_hsa.arf, miRNA_S10467Nr27.1_miRDeep2_log.txt)
Removing output files of failed job run_miRDeep2 since they might be corrupted:
results/mirdeep2/miRNA_S10467Nr27.1_miRDeep2_log.txt
Shutting down, this might take some time.
Exiting because a job execution failed. Look above for error message
Complete log: .snakemake/log/2025-04-11T164341.143530.snakemake.log
WorkflowError:
At least one job did not complete successfully.
